// Jest Snapshot v1, https://goo.gl/fbAQLP

exports[`calculateShakeClassName test suite return undefined should return undefined when drivingStatus is false 1`] = `undefined`;

exports[`calculateShakeClassName test suite return undefined should return undefined when drivingStatus is true and styles is undefined 1`] = `undefined`;

exports[`calculateShakeClassName test suite return undefined should return undefined when drivingStatus is true but speed is zero 1`] = `undefined`;

exports[`calculateShakeClassName test suite valid class names should return shakefast when speed is higher than 40 and lower or equal to 60 1`] = `"shakefast"`;

exports[`calculateShakeClassName test suite valid class names should return shakeslow when speed is higher than 10 and lower or equal to 40 1`] = `"shakeslow"`;

exports[`calculateShakeClassName test suite valid class names should return shakeveryfast when speed is higher than 60 and lower or equal to 100 1`] = `"shakeveryfast"`;

exports[`calculateShakeClassName test suite valid class names should return shakeveryslow when speed is higher than 0 and lower or equal to 20 1`] = `"shakeveryslow"`;

exports[`calculateShakeClassName test suite valid class names should return shakeveryveryfast when speed is higher than 80 and lower or equal to 100 1`] = `"shakeveryveryfast"`;
